[Mon May  9 21:11:52 2022] Booting Linux on physical CPU 0x0000000000 [0x410fd034]
[Mon May  9 21:11:52 2022] Linux version 5.10.93-lmp-standard (oe-user@oe-host) (aarch64-lmp-linux-gcc (GCC) 11.3.0, GNU ld (GNU Binutils) 2.38.20220708) #1 SMP PREEMPT Thu Jan 20 20:01:30 UTC 2022
[Mon May  9 21:11:52 2022] Machine model: Arduino i.MX8MM Portenta X8 board
[Mon May  9 21:11:52 2022] earlycon: ec_imx6q0 at MMIO 0x0000000030880000 (options '115200')
[Mon May  9 21:11:52 2022] printk: bootconsole [ec_imx6q0] enabled
[Mon May  9 21:11:52 2022] efi: UEFI not found.
[Mon May  9 21:11:52 2022] [Firmware Bug]: Kernel image misaligned at boot, please fix your bootloader!
[Mon May  9 21:11:52 2022] Reserved memory: created CMA memory pool at 0x0000000096000000, size 640 MiB
[Mon May  9 21:11:52 2022] OF: reserved mem: initialized node linux,cma, compatible id shared-dma-pool
[Mon May  9 21:11:52 2022] Zone ranges:
[Mon May  9 21:11:52 2022]   DMA      [mem 0x0000000040000000-0x00000000bdffffff]
[Mon May  9 21:11:52 2022]   DMA32    empty
[Mon May  9 21:11:52 2022]   Normal   empty
[Mon May  9 21:11:52 2022] Movable zone start for each node
[Mon May  9 21:11:52 2022] Early memory node ranges
[Mon May  9 21:11:52 2022]   node   0: [mem 0x0000000040000000-0x00000000bdffffff]
[Mon May  9 21:11:52 2022] Initmem setup node 0 [mem 0x0000000040000000-0x00000000bdffffff]
[Mon May  9 21:11:52 2022] On node 0 totalpages: 516096
[Mon May  9 21:11:52 2022]   DMA zone: 8064 pages used for memmap
[Mon May  9 21:11:52 2022]   DMA zone: 0 pages reserved
[Mon May  9 21:11:52 2022]   DMA zone: 516096 pages, LIFO batch:63
[Mon May  9 21:11:52 2022] psci: probing for conduit method from DT.
[Mon May  9 21:11:52 2022] psci: PSCIv1.1 detected in firmware.
[Mon May  9 21:11:52 2022] psci: Using standard PSCI v0.2 function IDs
[Mon May  9 21:11:52 2022] psci: Trusted OS migration not required
[Mon May  9 21:11:52 2022] psci: SMC Calling Convention v1.2
[Mon May  9 21:11:52 2022] percpu: Embedded 32 pages/cpu s91608 r8192 d31272 u131072
[Mon May  9 21:11:52 2022] pcpu-alloc: s91608 r8192 d31272 u131072 alloc=32*4096
[Mon May  9 21:11:52 2022] pcpu-alloc: [0] 0 [0] 1 [0] 2 [0] 3 
[Mon May  9 21:11:52 2022] Detected VIPT I-cache on CPU0
[Mon May  9 21:11:52 2022] CPU features: detected: ARM erratum 845719
[Mon May  9 21:11:52 2022] CPU features: detected: GIC system register CPU interface
[Mon May  9 21:11:52 2022] CPU features: kernel page table isolation forced ON by KASLR
[Mon May  9 21:11:52 2022] CPU features: detected: Kernel page table isolation (KPTI)
[Mon May  9 21:11:52 2022] Built 1 zonelists, mobility grouping on.  Total pages: 508032
[Mon May  9 21:11:52 2022] Kernel command line: console=tty1 console=ttymxc2,115200 earlycon=ec_imx6q,0x30880000,115200 root=/dev/mmcblk2p2 rootfstype=ext4 ostree=/ostree/boot.1/lmp/edd88b28fad148b3096157052e4434582f63b7bbe09489086203ddb56fddd279/0
[Mon May  9 21:11:52 2022] Dentry cache hash table entries: 262144 (order: 9, 2097152 bytes, linear)
[Mon May  9 21:11:52 2022] Inode-cache hash table entries: 131072 (order: 8, 1048576 bytes, linear)
[Mon May  9 21:11:52 2022] mem auto-init: stack:off, heap alloc:off, heap free:off
[Mon May  9 21:11:52 2022] Memory: 1335504K/2064384K available (14976K kernel code, 2416K rwdata, 4120K rodata, 5184K init, 455K bss, 73520K reserved, 655360K cma-reserved)
[Mon May  9 21:11:52 2022] random: get_random_u64 called from __kmem_cache_create+0x38/0x4c0 with crng_init=0
[Mon May  9 21:11:52 2022] SLUB: HWalign=64, Order=0-3, MinObjects=0, CPUs=4, Nodes=1
[Mon May  9 21:11:52 2022] ftrace: allocating 48261 entries in 189 pages
[Mon May  9 21:11:52 2022] ftrace: allocated 189 pages with 6 groups
[Mon May  9 21:11:52 2022] rcu: Preemptible hierarchical RCU implementation.
[Mon May  9 21:11:52 2022] rcu: 	RCU event tracing is enabled.
[Mon May  9 21:11:52 2022] rcu: 	RCU restricting CPUs from NR_CPUS=256 to nr_cpu_ids=4.
[Mon May  9 21:11:52 2022] 	Trampoline variant of Tasks RCU enabled.
[Mon May  9 21:11:52 2022] 	Rude variant of Tasks RCU enabled.
[Mon May  9 21:11:52 2022] 	Tracing variant of Tasks RCU enabled.
[Mon May  9 21:11:52 2022] rcu: RCU calculated value of scheduler-enlistment delay is 25 jiffies.
[Mon May  9 21:11:52 2022] rcu: Adjusting geometry for rcu_fanout_leaf=16, nr_cpu_ids=4
[Mon May  9 21:11:52 2022] NR_IRQS: 64, nr_irqs: 64, preallocated irqs: 0
[Mon May  9 21:11:52 2022] GICv3: GIC: Using split EOI/Deactivate mode
[Mon May  9 21:11:52 2022] GICv3: 128 SPIs implemented
[Mon May  9 21:11:52 2022] GICv3: 0 Extended SPIs implemented
[Mon May  9 21:11:52 2022] GICv3: Distributor has no Range Selector support
[Mon May  9 21:11:52 2022] GICv3: 16 PPIs implemented
[Mon May  9 21:11:52 2022] GICv3: CPU0: found redistributor 0 region 0:0x0000000038880000
[Mon May  9 21:11:52 2022] ITS: No ITS available, not enabling LPIs
[Mon May  9 21:11:52 2022] arch_timer: cp15 timer(s) running at 8.00MHz (phys).
[Mon May  9 21:11:52 2022] clocksource: arch_sys_counter: mask: 0xffffffffffffff max_cycles: 0x1d854df40, max_idle_ns: 440795202120 ns
[Mon May  9 21:11:52 2022] sched_clock: 56 bits at 8MHz, resolution 125ns, wraps every 2199023255500ns
[Mon May  9 21:11:52 2022] Console: colour dummy device 80x25
[Mon May  9 21:11:52 2022] printk: console [tty1] enabled
[Mon May  9 21:11:52 2022] Calibrating delay loop (skipped), value calculated using timer frequency.. 16.00 BogoMIPS (lpj=32000)
[Mon May  9 21:11:52 2022] pid_max: default: 32768 minimum: 301
[Mon May  9 21:11:52 2022] LSM: Security Framework initializing
[Mon May  9 21:11:52 2022] Mount-cache hash table entries: 4096 (order: 3, 32768 bytes, linear)
[Mon May  9 21:11:52 2022] Mountpoint-cache hash table entries: 4096 (order: 3, 32768 bytes, linear)
[Mon May  9 21:11:52 2022] rcu: Hierarchical SRCU implementation.
[Mon May  9 21:11:52 2022] EFI services will not be available.
[Mon May  9 21:11:52 2022] smp: Bringing up secondary CPUs ...
[Mon May  9 21:11:52 2022] Detected VIPT I-cache on CPU1
[Mon May  9 21:11:52 2022] GICv3: CPU1: found redistributor 1 region 0:0x00000000388a0000
[Mon May  9 21:11:52 2022] CPU1: Booted secondary processor 0x0000000001 [0x410fd034]
[Mon May  9 21:11:52 2022] Detected VIPT I-cache on CPU2
[Mon May  9 21:11:52 2022] GICv3: CPU2: found redistributor 2 region 0:0x00000000388c0000
[Mon May  9 21:11:52 2022] CPU2: Booted secondary processor 0x0000000002 [0x410fd034]
[Mon May  9 21:11:52 2022] Detected VIPT I-cache on CPU3
[Mon May  9 21:11:52 2022] GICv3: CPU3: found redistributor 3 region 0:0x00000000388e0000
[Mon May  9 21:11:52 2022] CPU3: Booted secondary processor 0x0000000003 [0x410fd034]
[Mon May  9 21:11:52 2022] smp: Brought up 1 node, 4 CPUs
[Mon May  9 21:11:52 2022] SMP: Total of 4 processors activated.
[Mon May  9 21:11:52 2022] CPU features: detected: 32-bit EL0 Support
[Mon May  9 21:11:52 2022] CPU features: detected: CRC32 instructions
[Mon May  9 21:11:52 2022] CPU features: detected: 32-bit EL1 Support
[Mon May  9 21:11:52 2022] CPU: All CPU(s) started at EL2
[Mon May  9 21:11:52 2022] alternatives: patching kernel code
[Mon May  9 21:11:52 2022] devtmpfs: initialized
[Mon May  9 21:11:52 2022] Duplicate name in lcdif@32e00000, renamed to "display#1"
[Mon May  9 21:11:52 2022] Registered cp15_barrier emulation handler
[Mon May  9 21:11:52 2022] Registered setend emulation handler
[Mon May  9 21:11:52 2022] KASLR disabled due to lack of seed
[Mon May  9 21:11:52 2022] clocksource: jiffies: mask: 0xffffffff max_cycles: 0xffffffff, max_idle_ns: 7645041785100000 ns
[Mon May  9 21:11:52 2022] futex hash table entries: 1024 (order: 4, 65536 bytes, linear)
[Mon May  9 21:11:52 2022] pinctrl core: initialized pinctrl subsystem
[Mon May  9 21:11:52 2022] DMI not present or invalid.
[Mon May  9 21:11:52 2022] NET: Registered protocol family 16
[Mon May  9 21:11:52 2022] DMA: preallocated 256 KiB GFP_KERNEL pool for atomic allocations
[Mon May  9 21:11:52 2022] DMA: preallocated 256 KiB GFP_KERNEL|GFP_DMA pool for atomic allocations
[Mon May  9 21:11:52 2022] DMA: preallocated 256 KiB GFP_KERNEL|GFP_DMA32 pool for atomic allocations
[Mon May  9 21:11:52 2022] thermal_sys: Registered thermal governor 'step_wise'
[Mon May  9 21:11:52 2022] cpuidle: using governor menu
[Mon May  9 21:11:52 2022] hw-breakpoint: found 6 breakpoint and 4 watchpoint registers.
[Mon May  9 21:11:52 2022] ASID allocator initialised with 32768 entries
[Mon May  9 21:11:52 2022] Serial: AMBA PL011 UART driver
[Mon May  9 21:11:52 2022] imx mu driver is registered.
[Mon May  9 21:11:52 2022] imx rpmsg driver is registered.
[Mon May  9 21:11:52 2022] imx8mm-pinctrl 30330000.pinctrl: initialized IMX pinctrl driver
[Mon May  9 21:11:52 2022] HugeTLB registered 1.00 GiB page size, pre-allocated 0 pages
[Mon May  9 21:11:52 2022] HugeTLB registered 32.0 MiB page size, pre-allocated 0 pages
[Mon May  9 21:11:52 2022] HugeTLB registered 2.00 MiB page size, pre-allocated 0 pages
[Mon May  9 21:11:52 2022] HugeTLB registered 64.0 KiB page size, pre-allocated 0 pages
[Mon May  9 21:11:52 2022] cryptd: max_cpu_qlen set to 1000
[Mon May  9 21:11:52 2022] iommu: Default domain type: Translated 
[Mon May  9 21:11:52 2022] vgaarb: loaded
[Mon May  9 21:11:52 2022] SCSI subsystem initialized
[Mon May  9 21:11:52 2022] libata version 3.00 loaded.
[Mon May  9 21:11:52 2022] usbcore: registered new interface driver usbfs
[Mon May  9 21:11:52 2022] usbcore: registered new interface driver hub
[Mon May  9 21:11:52 2022] usbcore: registered new device driver usb
[Mon May  9 21:11:52 2022] mc: Linux media interface: v0.10
[Mon May  9 21:11:52 2022] pps_core: LinuxPPS API ver. 1 registered
[Mon May  9 21:11:52 2022] pps_core: Software ver. 5.3.6 - Copyright 2005-2007 Rodolfo Giometti <giometti@linux.it>
[Mon May  9 21:11:52 2022] PTP clock support registered
[Mon May  9 21:11:52 2022] Advanced Linux Sound Architecture Driver Initialized.
[Mon May  9 21:11:52 2022] Bluetooth: Core ver 2.22
[Mon May  9 21:11:52 2022] NET: Registered protocol family 31
[Mon May  9 21:11:52 2022] Bluetooth: HCI device and connection manager initialized
[Mon May  9 21:11:52 2022] Bluetooth: HCI socket layer initialized
[Mon May  9 21:11:52 2022] Bluetooth: L2CAP socket layer initialized
[Mon May  9 21:11:52 2022] Bluetooth: SCO socket layer initialized
[Mon May  9 21:11:52 2022] clocksource: Switched to clocksource arch_sys_counter
[Mon May  9 21:11:53 2022] NET: Registered protocol family 2
[Mon May  9 21:11:53 2022] IP idents hash table entries: 32768 (order: 6, 262144 bytes, linear)
[Mon May  9 21:11:53 2022] tcp_listen_portaddr_hash hash table entries: 1024 (order: 2, 16384 bytes, linear)
[Mon May  9 21:11:53 2022] TCP established hash table entries: 16384 (order: 5, 131072 bytes, linear)
[Mon May  9 21:11:53 2022] TCP bind hash table entries: 16384 (order: 6, 262144 bytes, linear)
[Mon May  9 21:11:53 2022] TCP: Hash tables configured (established 16384 bind 16384)
[Mon May  9 21:11:53 2022] UDP hash table entries: 1024 (order: 3, 32768 bytes, linear)
[Mon May  9 21:11:53 2022] UDP-Lite hash table entries: 1024 (order: 3, 32768 bytes, linear)
[Mon May  9 21:11:53 2022] NET: Registered protocol family 1
[Mon May  9 21:11:53 2022] RPC: Registered named UNIX socket transport module.
[Mon May  9 21:11:53 2022] RPC: Registered udp transport module.
[Mon May  9 21:11:53 2022] RPC: Registered tcp transport module.
[Mon May  9 21:11:53 2022] RPC: Registered tcp NFSv4.1 backchannel transport module.
[Mon May  9 21:11:53 2022] PCI: CLS 0 bytes, default 64
[Mon May  9 21:11:53 2022] Trying to unpack rootfs image as initramfs...
[Mon May  9 21:11:53 2022] Freeing initrd memory: 5468K
[Mon May  9 21:11:53 2022] hw perfevents: enabled with armv8_pmuv3 PMU driver, 7 counters available
[Mon May  9 21:11:53 2022] kvm [1]: IPA Size Limit: 40 bits
[Mon May  9 21:11:53 2022] kvm [1]: GICv3: no GICV resource entry
[Mon May  9 21:11:53 2022] kvm [1]: disabling GICv2 emulation
[Mon May  9 21:11:53 2022] kvm [1]: GIC system register CPU interface enabled
[Mon May  9 21:11:53 2022] kvm [1]: vgic interrupt IRQ9
[Mon May  9 21:11:53 2022] kvm [1]: Hyp mode initialized successfully
[Mon May  9 21:11:53 2022] Initialise system trusted keyrings
[Mon May  9 21:11:53 2022] workingset: timestamp_bits=46 max_order=19 bucket_order=0
[Mon May  9 21:11:53 2022] NFS: Registering the id_resolver key type
[Mon May  9 21:11:53 2022] Key type id_resolver registered
[Mon May  9 21:11:53 2022] Key type id_legacy registered
[Mon May  9 21:11:53 2022] nfs4filelayout_init: NFSv4 File Layout Driver Registering...
[Mon May  9 21:11:53 2022] nfs4flexfilelayout_init: NFSv4 Flexfile Layout Driver Registering...
[Mon May  9 21:11:53 2022] NET: Registered protocol family 38
[Mon May  9 21:11:53 2022] Key type asymmetric registered
[Mon May  9 21:11:53 2022] Asymmetric key parser 'x509' registered
[Mon May  9 21:11:53 2022] Block layer SCSI generic (bsg) driver version 0.4 loaded (major 245)
[Mon May  9 21:11:53 2022] io scheduler mq-deadline registered
[Mon May  9 21:11:53 2022] io scheduler kyber registered
[Mon May  9 21:11:53 2022] mxs-dma 33000000.dma-controller: initialized
[Mon May  9 21:11:53 2022] Bus freq driver module loaded
[Mon May  9 21:11:53 2022] Serial: 8250/16550 driver, 4 ports, IRQ sharing disabled
[Mon May  9 21:11:53 2022] 30860000.serial: ttymxc0 at MMIO 0x30860000 (irq = 41, base_baud = 5000000) is a IMX
[Mon May  9 21:11:53 2022] serial serial0: tty port ttymxc0 registered
[Mon May  9 21:11:53 2022] 30880000.serial: ttymxc2 at MMIO 0x30880000 (irq = 42, base_baud = 1500000) is a IMX
[Mon May  9 21:11:53 2022] printk: console [ttymxc2] enabled
[Mon May  9 21:11:53 2022] printk: bootconsole [ec_imx6q0] disabled
[Mon May  9 21:11:53 2022] 30890000.serial: ttymxc1 at MMIO 0x30890000 (irq = 43, base_baud = 5000000) is a IMX
[Mon May  9 21:11:53 2022] 30a60000.serial: ttymxc3 at MMIO 0x30a60000 (irq = 49, base_baud = 5000000) is a IMX
[Mon May  9 21:11:53 2022] imx-drm 32c00000.bus:display-subsystem: bound imx-lcdif-crtc.0 (ops 0xffffffc0110026d0)
[Mon May  9 21:11:53 2022] imx_sec_dsim_drv 32e10000.mipi_dsi: version number is 0x1060200
[Mon May  9 21:11:53 2022] imx_sec_dsim_drv 32e10000.mipi_dsi: Failed to attach bridge: 32e10000.mipi_dsi
[Mon May  9 21:11:53 2022] imx_sec_dsim_drv 32e10000.mipi_dsi: failed to bind sec dsim bridge: -517
[Mon May  9 21:11:54 2022] brd: module loaded
[Mon May  9 21:11:54 2022] loop: module loaded
[Mon May  9 21:11:54 2022] of_reserved_mem_lookup() returned NULL
[Mon May  9 21:11:54 2022] imx ahci driver is registered.
[Mon May  9 21:11:54 2022] libphy: Fixed MDIO Bus: probed
[Mon May  9 21:11:54 2022] tun: Universal TUN/TAP device driver, 1.6
[Mon May  9 21:11:54 2022] CAN device driver interface
[Mon May  9 21:11:54 2022] pps pps0: new PPS source ptp0
[Mon May  9 21:11:54 2022] ehci_hcd: USB 2.0 'Enhanced' Host Controller (EHCI) Driver
[Mon May  9 21:11:54 2022] ehci-pci: EHCI PCI platform driver
[Mon May  9 21:11:54 2022] ohci_hcd: USB 1.1 'Open' Host Controller (OHCI) Driver
[Mon May  9 21:11:54 2022] ohci-pci: OHCI PCI platform driver
[Mon May  9 21:11:54 2022] usbcore: registered new interface driver usb-storage
[Mon May  9 21:11:54 2022] usbcore: registered new interface driver usbserial_generic
[Mon May  9 21:11:54 2022] usbserial: USB Serial support registered for generic
[Mon May  9 21:11:54 2022] input: 30370000.snvs:snvs-powerkey as /devices/platform/soc@0/30000000.bus/30370000.snvs/30370000.snvs:snvs-powerkey/input/input0
[Mon May  9 21:11:54 2022] snvs_rtc 30370000.snvs:snvs-rtc-lp: registered as rtc0
[Mon May  9 21:11:54 2022] snvs_rtc 30370000.snvs:snvs-rtc-lp: setting system clock to 1970-01-01T00:00:00 UTC (0)
[Mon May  9 21:11:54 2022] device-mapper: ioctl: 4.43.0-ioctl (2020-10-01) initialised: dm-devel@redhat.com
[Mon May  9 21:11:54 2022] sdhci: Secure Digital Host Controller Interface driver
[Mon May  9 21:11:54 2022] sdhci: Copyright(c) Pierre Ossman
[Mon May  9 21:11:54 2022] sdhci-pltfm: SDHCI platform and OF driver helper
[Mon May  9 21:11:54 2022] sdhci-esdhc-imx 30b40000.mmc: voltage-ranges unspecified
[Mon May  9 21:11:54 2022] sdhci-esdhc-imx 30b50000.mmc: voltage-ranges unspecified
[Mon May  9 21:11:54 2022] sdhci-esdhc-imx 30b60000.mmc: voltage-ranges unspecified
[Mon May  9 21:11:54 2022] ledtrig-cpu: registered to indicate activity on CPUs
[Mon May  9 21:11:54 2022] SMCCC: SOC_ID: ARCH_SOC_ID not implemented, skipping ....
[Mon May  9 21:11:54 2022] caam-snvs 30370000.caam-snvs: violation handlers armed - init state
[Mon May  9 21:11:54 2022] usbcore: registered new interface driver usbhid
[Mon May  9 21:11:54 2022] usbhid: USB HID core driver
[Mon May  9 21:11:54 2022] mmc2: SDHCI controller on 30b60000.mmc [30b60000.mmc] using ADMA
[Mon May  9 21:11:54 2022] optee: probing for conduit method.
[Mon May  9 21:11:54 2022] optee: revision 3.18 (6467bb29)
[Mon May  9 21:11:54 2022] optee: dynamic shared memory is enabled
[Mon May  9 21:11:54 2022] optee: initialized driver
[Mon May  9 21:11:54 2022] random: fast init done
[Mon May  9 21:11:54 2022] galcore: clk_get vg clock failed, disable vg!
[Mon May  9 21:11:54 2022] random: crng init done
[Mon May  9 21:11:54 2022] Galcore version 6.4.3.p2.336687
[Mon May  9 21:11:54 2022] [drm] Initialized vivante 1.0.0 20170808 for 38000000.gpu on minor 0
[Mon May  9 21:11:54 2022] hantrodec 0 : module inserted. Major = 237
[Mon May  9 21:11:54 2022] hantrodec 1 : module inserted. Major = 237
[Mon May  9 21:11:54 2022] hx280enc: module inserted. Major <236>
[Mon May  9 21:11:54 2022] mmc2: new HS400 Enhanced strobe MMC card at address 0001
[Mon May  9 21:11:54 2022] u32 classifier
[Mon May  9 21:11:54 2022] mmcblk2: mmc2:0001 88A43A 14.6 GiB 
[Mon May  9 21:11:54 2022]     input device check on
[Mon May  9 21:11:54 2022] mmcblk2boot0: mmc2:0001 88A43A partition 1 4.00 MiB
[Mon May  9 21:11:54 2022]     Actions configured
[Mon May  9 21:11:54 2022] mmcblk2boot1: mmc2:0001 88A43A partition 2 4.00 MiB
[Mon May  9 21:11:54 2022] NET: Registered protocol family 10
[Mon May  9 21:11:54 2022] mmcblk2rpmb: mmc2:0001 88A43A partition 3 4.00 MiB, chardev (238:0)
[Mon May  9 21:11:54 2022] Segment Routing with IPv6
[Mon May  9 21:11:54 2022] sit: IPv6, IPv4 and MPLS over IPv4 tunneling driver
[Mon May  9 21:11:54 2022]  mmcblk2: p1 p2
[Mon May  9 21:11:54 2022] NET: Registered protocol family 17
[Mon May  9 21:11:54 2022] Bridge firewalling registered
[Mon May  9 21:11:54 2022] can: controller area network core
[Mon May  9 21:11:54 2022] NET: Registered protocol family 29
[Mon May  9 21:11:54 2022] can: raw protocol
[Mon May  9 21:11:54 2022] can: broadcast manager protocol
[Mon May  9 21:11:54 2022] can: netlink gateway - max_hops=1
[Mon May  9 21:11:54 2022] Key type dns_resolver registered
[Mon May  9 21:11:54 2022] registered taskstats version 1
[Mon May  9 21:11:54 2022] Loading compiled-in X.509 certificates
[Mon May  9 21:11:54 2022] Loaded X.509 cert 'Default insecure key from Factory II: 1b2327c0b75d0bc1e4914c8195bbf053629b8abb'
[Mon May  9 21:11:54 2022] usb_phy_generic usbphynop1: supply vcc not found, using dummy regulator
[Mon May  9 21:11:54 2022] usb_phy_generic usbphynop2: supply vcc not found, using dummy regulator
[Mon May  9 21:11:54 2022] i2c i2c-0: IMX I2C adapter registered
[Mon May  9 21:11:54 2022] LDO6: supplied by regulator-dummy
[Mon May  9 21:11:54 2022] i2c i2c-1: IMX I2C adapter registered
[Mon May  9 21:11:54 2022] i2c i2c-2: IMX I2C adapter registered
[Mon May  9 21:11:54 2022] i2c i2c-3: IMX I2C adapter registered
[Mon May  9 21:11:54 2022] SoC: i.MX8MM revision 1.0
[Mon May  9 21:11:54 2022] imx6q-pcie 33800000.pcie: supply epdev_on not found, using dummy regulator
[Mon May  9 21:11:54 2022] imx-cpufreq-dt imx-cpufreq-dt: cpu speed grade 2 mkt segment 2 supported-hw 0x4 0x4
[Mon May  9 21:11:54 2022] imx6q-pcie 33800000.pcie: PLL REF_CLK is used!.
[Mon May  9 21:11:54 2022] imx-drm 32c00000.bus:display-subsystem: bound imx-lcdif-crtc.0 (ops 0xffffffc0110026d0)
[Mon May  9 21:11:54 2022] imx6q-pcie 33800000.pcie: PCIe PLL locked after 20 us.
[Mon May  9 21:11:54 2022] imx_sec_dsim_drv 32e10000.mipi_dsi: version number is 0x1060200
[Mon May  9 21:11:54 2022] imx_sec_dsim_drv 32e10000.mipi_dsi: Failed to attach bridge: 32e10000.mipi_dsi
[Mon May  9 21:11:54 2022] imx_sec_dsim_drv 32e10000.mipi_dsi: failed to bind sec dsim bridge: -517
[Mon May  9 21:11:54 2022] pps pps0: new PPS source ptp0
[Mon May  9 21:11:54 2022] fec 30be0000.ethernet: Invalid MAC address: 00:00:00:00:00:00
[Mon May  9 21:11:54 2022] fec 30be0000.ethernet: Using random MAC address: 5a:75:8a:8f:c5:51
[Mon May  9 21:11:54 2022] libphy: fec_enet_mii_bus: probed
[Mon May  9 21:11:54 2022] imx6q-pcie 33800000.pcie: host bridge /soc@0/pcie@33800000 ranges:
[Mon May  9 21:11:54 2022] imx6q-pcie 33800000.pcie:       IO 0x001ff80000..0x001ff8ffff -> 0x0000000000
[Mon May  9 21:11:54 2022] imx6q-pcie 33800000.pcie:      MEM 0x0018000000..0x001fefffff -> 0x0018000000
[Mon May  9 21:11:54 2022] imx6q-pcie 33800000.pcie: invalid resource
[Mon May  9 21:11:54 2022] fec 30be0000.ethernet eth0: registered PHC device 0
[Mon May  9 21:11:54 2022] imx_usb 32e50000.usb: No over current polarity defined
[Mon May  9 21:11:54 2022] ci_hdrc ci_hdrc.1: EHCI Host Controller
[Mon May  9 21:11:54 2022] ci_hdrc ci_hdrc.1: new USB bus registered, assigned bus number 1
[Mon May  9 21:11:54 2022] ci_hdrc ci_hdrc.1: USB 2.0 started, EHCI 1.00
[Mon May  9 21:11:54 2022] usb usb1: New USB device found, idVendor=1d6b, idProduct=0002, bcdDevice= 5.10
[Mon May  9 21:11:54 2022] usb usb1: New USB device strings: Mfr=3, Product=2, SerialNumber=1
[Mon May  9 21:11:54 2022] usb usb1: Product: EHCI Host Controller
[Mon May  9 21:11:54 2022] usb usb1: Manufacturer: Linux 5.10.93-lmp-standard ehci_hcd
[Mon May  9 21:11:54 2022] usb usb1: SerialNumber: ci_hdrc.1
[Mon May  9 21:11:54 2022] hub 1-0:1.0: USB hub found
[Mon May  9 21:11:54 2022] hub 1-0:1.0: 1 port detected
[Mon May  9 21:11:54 2022] sdhci-esdhc-imx 30b40000.mmc: voltage-ranges unspecified
[Mon May  9 21:11:54 2022] caam 30900000.crypto: device ID = 0x0a16040100000000 (Era 9)
[Mon May  9 21:11:54 2022] sdhci-esdhc-imx 30b50000.mmc: voltage-ranges unspecified
[Mon May  9 21:11:54 2022] sdhci-esdhc-imx 30b50000.mmc: Got CD GPIO
[Mon May  9 21:11:54 2022] caam 30900000.crypto: job rings = 2, qi = 0
[Mon May  9 21:11:54 2022] mmc1: SDHCI controller on 30b50000.mmc [30b50000.mmc] using ADMA
[Mon May  9 21:11:54 2022] caam algorithms registered in /proc/crypto
[Mon May  9 21:11:54 2022] mmc0: SDHCI controller on 30b40000.mmc [30b40000.mmc] using ADMA
[Mon May  9 21:11:54 2022] caam 30900000.crypto: caam pkc algorithms registered in /proc/crypto
[Mon May  9 21:11:54 2022] caam 30900000.crypto: registering rng-caam
[Mon May  9 21:11:54 2022] Device caam-keygen registered
[Mon May  9 21:11:54 2022] mmc0: queuing unknown CIS tuple 0x80 (2 bytes)
[Mon May  9 21:11:54 2022] imx-drm 32c00000.bus:display-subsystem: bound imx-lcdif-crtc.0 (ops 0xffffffc0110026d0)
[Mon May  9 21:11:54 2022] imx_sec_dsim_drv 32e10000.mipi_dsi: version number is 0x1060200
[Mon May  9 21:11:54 2022] imx_sec_dsim_drv 32e10000.mipi_dsi: Failed to attach bridge: 32e10000.mipi_dsi
[Mon May  9 21:11:54 2022] imx_sec_dsim_drv 32e10000.mipi_dsi: failed to bind sec dsim bridge: -517
[Mon May  9 21:11:54 2022] mmc0: queuing unknown CIS tuple 0x80 (3 bytes)
[Mon May  9 21:11:55 2022] mmc0: queuing unknown CIS tuple 0x80 (3 bytes)
[Mon May  9 21:11:55 2022] imx-drm 32c00000.bus:display-subsystem: bound imx-lcdif-crtc.0 (ops 0xffffffc0110026d0)
[Mon May  9 21:11:55 2022] imx_sec_dsim_drv 32e10000.mipi_dsi: version number is 0x1060200
[Mon May  9 21:11:55 2022] imx_sec_dsim_drv 32e10000.mipi_dsi: Failed to attach bridge: 32e10000.mipi_dsi
[Mon May  9 21:11:55 2022] imx_sec_dsim_drv 32e10000.mipi_dsi: failed to bind sec dsim bridge: -517
[Mon May  9 21:11:55 2022] mmc0: queuing unknown CIS tuple 0x80 (7 bytes)
[Mon May  9 21:11:55 2022] mmc0: queuing unknown CIS tuple 0x80 (3 bytes)
[Mon May  9 21:11:55 2022] ALSA device list:
[Mon May  9 21:11:55 2022]   No soundcards found.
[Mon May  9 21:11:55 2022] mmc0: queuing unknown CIS tuple 0x80 (6 bytes)
[Mon May  9 21:11:55 2022] usb 1-1: new high-speed USB device number 2 using ci_hdrc
[Mon May  9 21:11:55 2022] mmc0: new high speed SDIO card at address 0001
[Mon May  9 21:11:55 2022] usb 1-1: New USB device found, idVendor=0424, idProduct=2514, bcdDevice= 0.00
[Mon May  9 21:11:55 2022] usb 1-1: New USB device strings: Mfr=0, Product=0, SerialNumber=0
[Mon May  9 21:11:55 2022] hub 1-1:1.0: USB hub found
[Mon May  9 21:11:55 2022] hub 1-1:1.0: 4 ports detected
[Mon May  9 21:11:55 2022] imx-drm 32c00000.bus:display-subsystem: bound imx-lcdif-crtc.0 (ops 0xffffffc0110026d0)
[Mon May  9 21:11:55 2022] imx_sec_dsim_drv 32e10000.mipi_dsi: version number is 0x1060200
[Mon May  9 21:11:55 2022] imx_sec_dsim_drv 32e10000.mipi_dsi: Failed to attach bridge: 32e10000.mipi_dsi
[Mon May  9 21:11:55 2022] imx_sec_dsim_drv 32e10000.mipi_dsi: failed to bind sec dsim bridge: -517
[Mon May  9 21:11:55 2022] usb 1-1.2: new high-speed USB device number 3 using ci_hdrc
[Mon May  9 21:11:55 2022] usb 1-1.2: New USB device found, idVendor=2109, idProduct=2817, bcdDevice= 7.64
[Mon May  9 21:11:55 2022] imx6q-pcie 33800000.pcie: Phy link never came up
[Mon May  9 21:11:55 2022] usb 1-1.2: New USB device strings: Mfr=1, Product=2, SerialNumber=0
[Mon May  9 21:11:55 2022] imx6q-pcie 33800000.pcie: failed to initialize host
[Mon May  9 21:11:55 2022] usb 1-1.2: Product: USB2.0 Hub             
[Mon May  9 21:11:55 2022] imx6q-pcie 33800000.pcie: unable to add pcie port.
[Mon May  9 21:11:55 2022] usb 1-1.2: Manufacturer: VIA Labs, Inc.         
[Mon May  9 21:11:55 2022] Freeing unused kernel memory: 5184K
[Mon May  9 21:11:55 2022] hub 1-1.2:1.0: USB hub found
[Mon May  9 21:11:55 2022] Run /init as init process
[Mon May  9 21:11:55 2022] hub 1-1.2:1.0: 4 ports detected
[Mon May  9 21:11:55 2022]   with arguments:
[Mon May  9 21:11:55 2022]     /init
[Mon May  9 21:11:55 2022]   with environment:
[Mon May  9 21:11:55 2022]     HOME=/
[Mon May  9 21:11:55 2022]     TERM=linux
[Mon May  9 21:11:55 2022]     ostree=/ostree/boot.1/lmp/edd88b28fad148b3096157052e4434582f63b7bbe09489086203ddb56fddd279/0
[Mon May  9 21:11:56 2022] imx-drm 32c00000.bus:display-subsystem: bound imx-lcdif-crtc.0 (ops 0xffffffc0110026d0)
[Mon May  9 21:11:56 2022] imx_sec_dsim_drv 32e10000.mipi_dsi: version number is 0x1060200
[Mon May  9 21:11:56 2022] imx_sec_dsim_drv 32e10000.mipi_dsi: Failed to attach bridge: 32e10000.mipi_dsi
[Mon May  9 21:11:56 2022] imx_sec_dsim_drv 32e10000.mipi_dsi: failed to bind sec dsim bridge: -517
[Mon May  9 21:11:56 2022] e2fsck: otaroot: recovering journal
                           otaroot: clean, 27840/3678592 files, 687825/3799552 blocks
[Mon May  9 21:11:56 2022] EXT4-fs (mmcblk2p2): mounted filesystem with ordered data mode. Opts: (null)
[Mon May  9 21:11:56 2022] systemd[1]: System time before build time, advancing clock.
[Mon May  9 21:11:56 2022] systemd[1]: systemd 250.5+ running in system mode (+PAM -AUDIT -SELINUX -APPARMOR +IMA -SMACK +SECCOMP -GCRYPT -GNUTLS +OPENSSL +ACL +BLKID +CURL -ELFUTILS -FIDO2 -IDN2 -IDN -IPTC +KMOD +LIBCRYPTSETUP +LIBFDISK -PCRE2 -PWQUALITY +P11KIT -QRENCODE -BZIP2 -LZ4 +XZ -ZLIB +ZSTD -BPF_FRAMEWORK +XKBCOMMON +UTMP +SYSVINIT default-hierarchy=hybrid)
[Mon May  9 21:11:56 2022] systemd[1]: Detected architecture arm64.
[Mon May  9 21:11:56 2022] systemd[1]: Hostname set to <portenta-x8-2e2c1209dabc240b>.
[Mon May  9 21:11:56 2022] usb 1-1.2.3: new high-speed USB device number 4 using ci_hdrc
[Mon May  9 21:11:57 2022] usb 1-1.2.3: New USB device found, idVendor=16d0, idProduct=0ed4, bcdDevice= 1.00
[Mon May  9 21:11:57 2022] usb 1-1.2.3: New USB device strings: Mfr=2, Product=1, SerialNumber=3
[Mon May  9 21:11:57 2022] usb 1-1.2.3: Product: C2
[Mon May  9 21:11:57 2022] usb 1-1.2.3: Manufacturer: Kurokesu
[Mon May  9 21:11:57 2022] usb 1-1.2.3: SerialNumber: KTM-QGFST
[Mon May  9 21:11:57 2022] imx-drm 32c00000.bus:display-subsystem: bound imx-lcdif-crtc.0 (ops 0xffffffc0110026d0)
[Mon May  9 21:11:57 2022] imx_sec_dsim_drv 32e10000.mipi_dsi: version number is 0x1060200
[Mon May  9 21:11:57 2022] imx_sec_dsim_drv 32e10000.mipi_dsi: Failed to attach bridge: 32e10000.mipi_dsi
[Mon May  9 21:11:57 2022] imx_sec_dsim_drv 32e10000.mipi_dsi: failed to bind sec dsim bridge: -517
[Mon May  9 21:11:57 2022] usb 1-1.2.4: new high-speed USB device number 5 using ci_hdrc
[Mon May  9 21:11:57 2022] systemd[1]: Queued start job for default target Graphical Interface.
[Mon May  9 21:11:57 2022] systemd[1]: Created slice Slice /system/getty.
[Mon May  9 21:11:57 2022] systemd[1]: Created slice Slice /system/modprobe.
[Mon May  9 21:11:57 2022] systemd[1]: Created slice Slice /system/serial-getty.
[Mon May  9 21:11:57 2022] systemd[1]: Created slice User and Session Slice.
[Mon May  9 21:11:57 2022] usb 1-1.2.4: New USB device found, idVendor=2109, idProduct=2817, bcdDevice= 7.63
[Mon May  9 21:11:57 2022] usb 1-1.2.4: New USB device strings: Mfr=1, Product=2, SerialNumber=0
[Mon May  9 21:11:57 2022] usb 1-1.2.4: Product: USB2.0 Hub             
[Mon May  9 21:11:57 2022] usb 1-1.2.4: Manufacturer: VIA Labs, Inc.         
[Mon May  9 21:11:57 2022] hub 1-1.2.4:1.0: USB hub found
[Mon May  9 21:11:57 2022] hub 1-1.2.4:1.0: 4 ports detected
[Mon May  9 21:11:57 2022] systemd[1]: Started Dispatch Password Requests to Console Directory Watch.
[Mon May  9 21:11:57 2022] systemd[1]: Started Forward Password Requests to Wall Directory Watch.
[Mon May  9 21:11:57 2022] systemd[1]: Reached target Local Encrypted Volumes.
[Mon May  9 21:11:57 2022] systemd[1]: Reached target Local Integrity Protected Volumes.
[Mon May  9 21:11:57 2022] systemd[1]: Reached target Remote Encrypted Volumes.
[Mon May  9 21:11:57 2022] systemd[1]: Reached target Remote File Systems.
[Mon May  9 21:11:57 2022] imx-drm 32c00000.bus:display-subsystem: bound imx-lcdif-crtc.0 (ops 0xffffffc0110026d0)
[Mon May  9 21:11:57 2022] imx_sec_dsim_drv 32e10000.mipi_dsi: version number is 0x1060200
[Mon May  9 21:11:57 2022] imx_sec_dsim_drv 32e10000.mipi_dsi: Failed to attach bridge: 32e10000.mipi_dsi
[Mon May  9 21:11:57 2022] imx_sec_dsim_drv 32e10000.mipi_dsi: failed to bind sec dsim bridge: -517
[Mon May  9 21:11:57 2022] systemd[1]: Reached target Slice Units.
[Mon May  9 21:11:57 2022] systemd[1]: Reached target Local Verity Protected Volumes.
[Mon May  9 21:11:57 2022] systemd[1]: Listening on initctl Compatibility Named Pipe.
[Mon May  9 21:11:57 2022] systemd[1]: Journal Audit Socket was skipped because of a failed condition check (ConditionSecurity=audit).
[Mon May  9 21:11:57 2022] systemd[1]: Listening on Journal Socket (/dev/log).
[Mon May  9 21:11:57 2022] systemd[1]: Listening on Journal Socket.
[Mon May  9 21:11:57 2022] systemd[1]: Listening on udev Control Socket.
[Mon May  9 21:11:57 2022] systemd[1]: Listening on udev Kernel Socket.
[Mon May  9 21:11:57 2022] systemd[1]: Listening on User Database Manager Socket.
[Mon May  9 21:11:57 2022] systemd[1]: Mounting Huge Pages File System...
[Mon May  9 21:11:57 2022] systemd[1]: Mounting POSIX Message Queue File System...
[Mon May  9 21:11:57 2022] systemd[1]: Mounting Kernel Debug File System...
[Mon May  9 21:11:57 2022] systemd[1]: Mounting Kernel Trace File System...
[Mon May  9 21:11:57 2022] systemd[1]: Starting Create List of Static Device Nodes...
[Mon May  9 21:11:57 2022] systemd[1]: Starting Load Kernel Module configfs...
[Mon May  9 21:11:58 2022] systemd[1]: Starting Load Kernel Module drm...
[Mon May  9 21:11:58 2022] systemd[1]: Starting Load Kernel Module fuse...
[Mon May  9 21:11:58 2022] systemd[1]: Starting Start psplash boot splash screen...
[Mon May  9 21:11:58 2022] fuse: init (API version 7.32)
[Mon May  9 21:11:58 2022] systemd[1]: File System Check on Root Device was skipped because of a failed condition check (ConditionPathIsReadWrite=!/).
[Mon May  9 21:11:58 2022] systemd[1]: Starting Journal Service...
[Mon May  9 21:11:58 2022] systemd[1]: Starting Load Kernel Modules...
[Mon May  9 21:11:58 2022] anx7625: loading out-of-tree module taints kernel.
[Mon May  9 21:11:58 2022] systemd[1]: Starting Generate network units from Kernel command line...
[Mon May  9 21:11:58 2022] imx-drm 32c00000.bus:display-subsystem: bound imx-lcdif-crtc.0 (ops 0xffffffc0110026d0)
[Mon May  9 21:11:58 2022] imx_sec_dsim_drv 32e10000.mipi_dsi: version number is 0x1060200
[Mon May  9 21:11:58 2022] i2c /dev entries driver
[Mon May  9 21:11:58 2022] imx-drm 32c00000.bus:display-subsystem: bound 32e10000.mipi_dsi (ops 0xffffffc010ff0908)
[Mon May  9 21:11:58 2022] [drm] Initialized imx-drm 1.0.0 20120507 for 32c00000.bus:display-subsystem on minor 1
[Mon May  9 21:11:58 2022] imx-drm 32c00000.bus:display-subsystem: [drm] Cannot find any crtc or sizes
[Mon May  9 21:11:58 2022] imx-drm 32c00000.bus:display-subsystem: [drm] Cannot find any crtc or sizes
[Mon May  9 21:11:58 2022] cfg80211: Loading compiled-in X.509 certificates for regulatory database
[Mon May  9 21:11:58 2022] systemd[1]: Starting Remount Root and Kernel File Systems...
[Mon May  9 21:11:58 2022] cfg80211: Loaded X.509 cert 'sforshee: 00b28ddf47aef9cea7'
[Mon May  9 21:11:58 2022] systemd[1]: Starting Coldplug All udev Devices...
[Mon May  9 21:11:58 2022] EXT4-fs (mmcblk2p2): re-mounted. Opts: (null)
[Mon May  9 21:11:58 2022] systemd[1]: Starting Create compressed swap in memory using zram...
[Mon May  9 21:11:58 2022] systemd[1]: Started Journal Service.
[Mon May  9 21:11:58 2022] zram: Added device: zram0
[Mon May  9 21:11:58 2022] zram0: detected capacity change from 0 to 2001518592
[Mon May  9 21:11:58 2022] systemd-journald[521]: Received client request to flush runtime journal.
[Mon May  9 21:11:59 2022] Adding 1954604k swap on /dev/zram0.  Priority:-2 extents:1 across:1954604k SS
[Mon May  9 21:11:59 2022] imx-sdma 302c0000.dma-controller: firmware found.
[Mon May  9 21:11:59 2022] imx-sdma 302c0000.dma-controller: loaded firmware 4.5
[Mon May  9 21:11:59 2022] imx-sdma 302b0000.dma-controller: firmware found.
[Mon May  9 21:11:59 2022] imx-sdma 30bd0000.dma-controller: firmware found.
[Mon May  9 21:11:59 2022] cs42l52 2-004a: cs42l52_i2c_probe 1160 cannot obtain reset-gpio
[Mon May  9 21:11:59 2022] Bluetooth: HCI UART driver ver 2.3
[Mon May  9 21:11:59 2022] Bluetooth: HCI UART protocol H4 registered
[Mon May  9 21:11:59 2022] Bluetooth: HCI UART protocol BCSP registered
[Mon May  9 21:11:59 2022] Bluetooth: HCI UART protocol LL registered
[Mon May  9 21:11:59 2022] Bluetooth: HCI UART protocol ATH3K registered
[Mon May  9 21:11:59 2022] Bluetooth: HCI UART protocol Three-wire (H5) registered
[Mon May  9 21:11:59 2022] input: bd718xx-pwrkey as /devices/platform/soc@0/30800000.bus/30a30000.i2c/i2c-1/1-004b/gpio-keys.1.auto/input/input1
[Mon May  9 21:11:59 2022] Bluetooth: HCI UART protocol Intel registered
[Mon May  9 21:11:59 2022] hci_uart_bcm serial0-0: supply vbat not found, using dummy regulator
[Mon May  9 21:11:59 2022] Bluetooth: HCI UART protocol Broadcom registered
[Mon May  9 21:11:59 2022] hci_uart_bcm serial0-0: supply vddio not found, using dummy regulator
[Mon May  9 21:11:59 2022] Bluetooth: HCI UART protocol QCA registered
[Mon May  9 21:11:59 2022] hci_uart_bcm serial0-0: No reset resource, using default baud rate
[Mon May  9 21:11:59 2022] cs42l52 2-004a: cs42l52_i2c_probe 1160 cannot obtain reset-gpio
[Mon May  9 21:11:59 2022] videodev: Linux video capture interface: v2.00
[Mon May  9 21:11:59 2022] mxc_mipi-csi 32e30000.mipi_csi: supply mipi-phy not found, using dummy regulator
[Mon May  9 21:11:59 2022] mxc_mipi-csi 32e30000.mipi_csi: mipi csi v4l2 device registered
[Mon May  9 21:11:59 2022] mxc_mipi-csi 32e30000.mipi_csi: lanes: 2, hs_settle: 0, clk_settle: 0, wclk: 0, freq: 333000000
[Mon May  9 21:11:59 2022] cs42l52 2-004a: cs42l52_i2c_probe 1160 cannot obtain reset-gpio
[Mon May  9 21:11:59 2022] mx6s-csi 32e20000.csi1_bridge: initialising
[Mon May  9 21:11:59 2022] cs42l52 2-004a: cs42l52_i2c_probe 1160 cannot obtain reset-gpio
[Mon May  9 21:11:59 2022] CSI: Registered sensor subdevice: mxc_mipi-csi.0
[Mon May  9 21:11:59 2022] brcmfmac: brcmf_fw_alloc_request: using brcm/brcmfmac43430-sdio for chip BCM43430/1
[Mon May  9 21:11:59 2022] cs42l52 2-004a: cs42l52_i2c_probe 1160 cannot obtain reset-gpio
[Mon May  9 21:11:59 2022] brcmfmac mmc0:0001:1: Direct firmware load for brcm/brcmfmac43430-sdio.fsl,imx8mm-evk.txt failed with error -2
[Mon May  9 21:11:59 2022] cs42l52 2-004a: cs42l52_i2c_probe 1160 cannot obtain reset-gpio
[Mon May  9 21:11:59 2022] usb 1-1.2.3: 4:1: cannot get freq at ep 0x84
[Mon May  9 21:11:59 2022] cs42l52 2-004a: cs42l52_i2c_probe 1160 cannot obtain reset-gpio
[Mon May  9 21:11:59 2022] cs42l52 2-004a: cs42l52_i2c_probe 1160 cannot obtain reset-gpio
[Mon May  9 21:11:59 2022] usbcore: registered new interface driver snd-usb-audio
[Mon May  9 21:11:59 2022] uvcvideo: Found UVC 1.00 device C2 (16d0:0ed4)
[Mon May  9 21:11:59 2022] cs42l52 2-004a: cs42l52_i2c_probe 1160 cannot obtain reset-gpio
[Mon May  9 21:11:59 2022] FAT-fs (mmcblk2p1): Volume was not properly unmounted. Some data may be corrupt. Please run fsck.
[Mon May  9 21:11:59 2022] input: C2: C2 KTM-QGFST as /devices/platform/soc@0/32c00000.bus/32e50000.usb/ci_hdrc.1/usb1/1-1/1-1.2/1-1.2.3/1-1.2.3:1.0/input/input2
[Mon May  9 21:11:59 2022] brcmfmac: brcmf_fw_alloc_request: using brcm/brcmfmac43430-sdio for chip BCM43430/1
[Mon May  9 21:11:59 2022] cs42l52 2-004a: cs42l52_i2c_probe 1160 cannot obtain reset-gpio
[Mon May  9 21:11:59 2022] brcmfmac: brcmf_c_preinit_dcmds: Firmware: BCM43430/1 wl0: Feb 16 2020 22:39:24 version 7.45.98.97 (r724416 CY) FWID 01-bf41ed64
[Mon May  9 21:11:59 2022] usbcore: registered new interface driver uvcvideo
[Mon May  9 21:12:00 2022] USB Video Class driver (1.1.1)
[Mon May  9 21:12:00 2022] Bluetooth: hci0: BCM: chip id 94
[Mon May  9 21:12:00 2022] Bluetooth: hci0: BCM: features 0x2e
[Mon May  9 21:12:00 2022] Bluetooth: hci0: BCM43430A1
[Mon May  9 21:12:00 2022] Bluetooth: hci0: BCM43430A1 (001.002.009) build 0000
[Mon May  9 21:12:00 2022] Bluetooth: hci0: BCM43430A1 'brcm/BCM43430A1.hcd' Patch
[Mon May  9 21:12:01 2022] cs42l52 2-004a: cs42l52_i2c_probe 1160 cannot obtain reset-gpio
[Mon May  9 21:12:01 2022] cs42l52 2-004a: cs42l52_i2c_probe 1160 cannot obtain reset-gpio
[Mon May  9 21:12:01 2022] Bluetooth: BNEP (Ethernet Emulation) ver 1.3
[Mon May  9 21:12:01 2022] Bluetooth: BNEP filters: protocol multicast
[Mon May  9 21:12:01 2022] Bluetooth: BNEP socket layer initialized
[Mon May  9 21:12:01 2022] file system registered
[Mon May  9 21:12:01 2022] read descriptors
[Mon May  9 21:12:01 2022] read strings
[Mon May  9 21:12:02 2022] Microchip KSZ9131 Gigabit PHY 30be0000.ethernet-1:01: attached PHY driver [Microchip KSZ9131 Gigabit PHY] (mii_bus:phy_addr=30be0000.ethernet-1:01, irq=144)
[Mon May  9 21:12:03 2022] Bluetooth: hci0: BCM4343WA1 37.4MHz Murata Type-1DX BT4.2-0093
[Mon May  9 21:12:03 2022] Bluetooth: hci0: BCM43430A1 (001.002.009) build 0000
[Mon May  9 21:12:15 2022] x8h7_can can@2 can0: X8H7 CAN successfully initialized.
[Mon May  9 21:12:15 2022] cs42l52 2-004a: cs42l52_i2c_probe 1160 cannot obtain reset-gpio
[Mon May  9 21:12:15 2022] x8h7_can can@1 can1: X8H7 CAN successfully initialized.
[Mon May  9 21:12:15 2022] cs42l52 2-004a: cs42l52_i2c_probe 1160 cannot obtain reset-gpio
[Mon May  9 21:12:15 2022] cs42l52 2-004a: Failed to apply regmap patch: -6
[Mon May  9 21:12:15 2022] cs42l52 2-004a: CS42L52 Device ID (80). Expected E0
[Mon May  9 21:12:16 2022] x8h7_rtc x8h7rtc: registered as rtc1
[Mon May  9 21:12:16 2022] Serial: X8H7 UART driver
[Mon May  9 21:12:16 2022] x8h7uart: ttyX0 at I/O 0x0 (irq = 0, base_baud = 1500000) is a unknown
[Mon May  9 21:12:17 2022] Initializing XFRM netlink socket
[Mon May  9 21:12:18 2022] br-b4c5f2c3c8ed: port 1(veth36fcd2e) entered blocking state
[Mon May  9 21:12:18 2022] br-b4c5f2c3c8ed: port 1(veth36fcd2e) entered disabled state
[Mon May  9 21:12:18 2022] device veth36fcd2e entered promiscuous mode
[Mon May  9 21:12:18 2022] br-b4c5f2c3c8ed: port 1(veth36fcd2e) entered blocking state
[Mon May  9 21:12:18 2022] br-b4c5f2c3c8ed: port 1(veth36fcd2e) entered forwarding state
[Mon May  9 21:12:18 2022] br-b4c5f2c3c8ed: port 1(veth36fcd2e) entered disabled state
[Mon May  9 21:12:18 2022] br-b4c5f2c3c8ed: port 2(veth01140f1) entered blocking state
[Mon May  9 21:12:18 2022] br-b4c5f2c3c8ed: port 2(veth01140f1) entered disabled state
[Mon May  9 21:12:18 2022] device veth01140f1 entered promiscuous mode
[Mon May  9 21:12:18 2022] br-b4c5f2c3c8ed: port 2(veth01140f1) entered blocking state
[Mon May  9 21:12:19 2022] br-b4c5f2c3c8ed: port 2(veth01140f1) entered forwarding state
[Mon May  9 21:12:19 2022] IPv6: ADDRCONF(NETDEV_CHANGE): br-b4c5f2c3c8ed: link becomes ready
[Mon May  9 21:12:19 2022] br-b4c5f2c3c8ed: port 2(veth01140f1) entered disabled state
[Mon May  9 21:12:19 2022] br-b4c5f2c3c8ed: port 3(vethc0c18ff) entered blocking state
[Mon May  9 21:12:19 2022] br-b4c5f2c3c8ed: port 3(vethc0c18ff) entered disabled state
[Mon May  9 21:12:19 2022] device vethc0c18ff entered promiscuous mode
[Mon May  9 21:12:19 2022] br-b4c5f2c3c8ed: port 3(vethc0c18ff) entered blocking state
[Mon May  9 21:12:19 2022] br-b4c5f2c3c8ed: port 3(vethc0c18ff) entered forwarding state
[Mon May  9 21:12:19 2022] br-b4c5f2c3c8ed: port 3(vethc0c18ff) entered disabled state
[Mon May  9 21:12:19 2022] cgroup: cgroup: disabling cgroup2 socket matching due to net_prio or net_cls activation
[Mon May  9 21:12:20 2022] eth0: renamed from veth24f3e2c
[Mon May  9 21:12:20 2022] eth0: renamed from vethafdc583
[Mon May  9 21:12:20 2022] IPv6: ADDRCONF(NETDEV_CHANGE): veth36fcd2e: link becomes ready
[Mon May  9 21:12:20 2022] br-b4c5f2c3c8ed: port 1(veth36fcd2e) entered blocking state
[Mon May  9 21:12:20 2022] br-b4c5f2c3c8ed: port 1(veth36fcd2e) entered forwarding state
[Mon May  9 21:12:20 2022] IPv6: ADDRCONF(NETDEV_CHANGE): veth01140f1: link becomes ready
[Mon May  9 21:12:20 2022] br-b4c5f2c3c8ed: port 2(veth01140f1) entered blocking state
[Mon May  9 21:12:20 2022] br-b4c5f2c3c8ed: port 2(veth01140f1) entered forwarding state
[Mon May  9 21:12:20 2022] eth0: renamed from veth9b97921
[Mon May  9 21:12:20 2022] IPv6: ADDRCONF(NETDEV_CHANGE): vethc0c18ff: link becomes ready
[Mon May  9 21:12:20 2022] br-b4c5f2c3c8ed: port 3(vethc0c18ff) entered blocking state
[Mon May  9 21:12:20 2022] br-b4c5f2c3c8ed: port 3(vethc0c18ff) entered forwarding state
[Mon May  9 21:12:25 2022] camera_dvdd: disabling
[Mon May  9 21:12:25 2022] camera_avdd: disabling
[Mon May  9 21:12:25 2022] camera_dovdd: disabling
[Mon May  9 21:12:25 2022] VSD_3V3: disabling
[Mon May  9 21:33:33 2022] usbcore: deregistering interface driver snd-usb-audio
[Mon May  9 21:37:30 2022] WARNING! power/level is deprecated; use power/control instead
